arg count is: 
2
argv is 
[sox,src/test/scripts/argtest.sox]
