doughnut
bagel
return from outer
create inner closure
value
3
3
