number_val + 1. Success!
default. Success
default. Success
Testing fallthrough switch
number_val 1 or 0
