nil
world
<table>{{"hello":"world"}}
<table>{{"after":"goodbye"},{"hello":"world"}}
